
> socraticstudy@0.0.0 build
> vite build

[36mvite v6.4.0 [32mbuilding for production...[36m[39m
transforming...
[32mΓ£ô[39m 45 modules transformed.
rendering chunks...
computing gzip size...
[2mdist/[22m[32mindex.html                 [39m[1m[2m  3.01 kB[22m[1m[22m[2m Γöé gzip:  1.12 kB[22m
[2mdist/[22m[35massets/index-DKnmNS46.css  [39m[1m[2m  0.04 kB[22m[1m[22m[2m Γöé gzip:  0.06 kB[22m
[2mdist/[22m[36massets/index-DlFcZ-CA.js   [39m[1m[2m215.24 kB[22m[1m[22m[2m Γöé gzip: 67.47 kB[22m
[32mΓ£ô built in 1.37s[39m
